this is testing upload from boto3